C:/Users/Prithviraj/Desktop/stm32f4-BareMetal_Workspace/STM32F4-BareMetal_Workspace/STM32F4-BareMetal_Workspace/F4_chip_headers/CMSIS/Include/core_cm4.h:1816:22:__NVIC_SetPriority	16	static
C:/Users/Prithviraj/Desktop/stm32f4-BareMetal_Workspace/STM32F4-BareMetal_Workspace/STM32F4-BareMetal_Workspace/F4_chip_headers/CMSIS/Include/core_cm4.h:2022:26:SysTick_Config	16	static
../Src/systick.c:5:6:systick_init	8	static
../Src/systick.c:9:10:millis	4	static
../Src/systick.c:13:6:SysTick_Handler	4	static
