C:/Users/Prithviraj/OneDrive/Desktop/stm32f4-BareMetal_Workspace/STM32F4-BareMetal_Workspace/STM32F4-BareMetal_Workspace/F4_chip_headers/CMSIS/Include/core_cm4.h:1688:22:__NVIC_EnableIRQ	16	static
../Src/uart.c:29:5:__io_putchar	16	static
../Src/uart.c:36:6:dma1_stream6_init	24	static
../Src/uart.c:81:6:uart2_rx_interrupt_init	8	static
../Src/uart.c:121:6:uart2_rxtx_init	8	static
../Src/uart.c:157:6:uart2_tx_init	8	static
../Src/uart.c:185:6:uart2_read	4	static
../Src/uart.c:193:6:uart2_write	16	static
../Src/uart.c:201:13:uart_set_baudrate	24	static
../Src/uart.c:206:17:compute_uart_bd	16	static
