C:/Users/Prithviraj/OneDrive/Desktop/stm32f4-BareMetal_Workspace/STM32F4-BareMetal_Workspace/STM32F4-BareMetal_Workspace/F4_chip_headers/CMSIS/Include/core_cm4.h:1688:22:__NVIC_EnableIRQ	16	static
../Src/uart.c:21:5:__io_putchar	16	static
../Src/uart.c:28:6:uart2_rx_interrupt_init	8	static
../Src/uart.c:68:6:uart2_rxtx_init	8	static
../Src/uart.c:105:6:uart6_tx_init	8	static
../Src/uart.c:136:6:uart2_tx_init	8	static
../Src/uart.c:164:6:uart2_read	4	static
../Src/uart.c:172:6:uart2_write	16	static
../Src/uart.c:180:6:uart6_write	16	static
../Src/uart.c:188:13:uart_set_baudrate	24	static
../Src/uart.c:193:17:compute_uart_bd	16	static
