22:14:07 **** Incremental Build of configuration Debug for project 12_Timers ****
make -j12 all 
arm-none-eabi-gcc "../Src/main.c" -mcpu=cortex-m4 -std=gnu11 -g3 -DDEBUG -DSTM32 -DSTM32F401RETx -DSTM32F4 -DSTM32F401xE -c -I../Inc -I"C:/Users/Prithviraj/Desktop/stm32f4-BareMetal_Workspace/STM32F4-BareMetal_Workspace/STM32F4-BareMetal_Workspace/F4_chip_headers/CMSIS/Device/ST/STM32F4xx/Include" -I"C:/Users/Prithviraj/Desktop/stm32f4-BareMetal_Workspace/STM32F4-BareMetal_Workspace/STM32F4-BareMetal_Workspace/F4_chip_headers/CMSIS/Include" -O0 -ffunction-sections -fdata-sections -Wall -fstack-usage -fcyclomatic-complexity -MMD -MP -MF"Src/main.d" -MT"Src/main.o" --specs=nano.specs -mfpu=fpv4-sp-d16 -mfloat-abi=hard -mthumb -o "Src/main.o"
arm-none-eabi-gcc -o "12_Timers.elf" @"objects.list"   -mcpu=cortex-m4 -T"D:\C drive\stm32f4-BareMetal_Workspace\12_Timers\STM32F401RETX_FLASH.ld" --specs=nosys.specs -Wl,-Map="12_Timers.map" -Wl,--gc-sections -static --specs=nano.specs -mfpu=fpv4-sp-d16 -mfloat-abi=hard -mthumb -Wl,--start-group -lc -lm -Wl,--end-group
Finished building target: 12_Timers.elf
 
arm-none-eabi-size  12_Timers.elf 
arm-none-eabi-objdump -h -S 12_Timers.elf  > "12_Timers.list"
   text	   data	    bss	    dec	    hex	filename
   5280	     92	   1900	   7272	   1c68	12_Timers.elf
Finished building: default.size.stdout
 
Finished building: 12_Timers.list
 

22:14:07 Build Finished. 0 errors, 0 warnings. (took 442ms)

