00:05:33 **** Incremental Build of configuration Debug for project 17_ADC_Interrupt ****
make -j12 all 
arm-none-eabi-gcc "../Src/main.c" -mcpu=cortex-m4 -std=gnu11 -g3 -DDEBUG -DSTM32 -DSTM32F401RETx -DSTM32F4 -DSTM32F401xE -c -I../Inc -I"C:/Users/Prithviraj/OneDrive/Desktop/stm32f4-BareMetal_Workspace/STM32F4-BareMetal_Workspace/STM32F4-BareMetal_Workspace/F4_chip_headers/CMSIS/Device/ST/STM32F4xx/Include" -I"C:/Users/Prithviraj/OneDrive/Desktop/stm32f4-BareMetal_Workspace/STM32F4-BareMetal_Workspace/STM32F4-BareMetal_Workspace/F4_chip_headers/CMSIS/Include" -O0 -ffunction-sections -fdata-sections -Wall -fstack-usage -fcyclomatic-complexity -MMD -MP -MF"Src/main.d" -MT"Src/main.o" --specs=nano.specs -mfpu=fpv4-sp-d16 -mfloat-abi=hard -mthumb -o "Src/main.o"
arm-none-eabi-gcc -o "17_ADC_Interrupt.elf" @"objects.list"   -mcpu=cortex-m4 -T"C:\Users\Prithviraj\OneDrive\Desktop\stm32f4-BareMetal_Workspace\17_ADC_Interrupt\STM32F401RETX_FLASH.ld" --specs=nosys.specs -Wl,-Map="17_ADC_Interrupt.map" -Wl,--gc-sections -static --specs=nano.specs -mfpu=fpv4-sp-d16 -mfloat-abi=hard -mthumb -Wl,--start-group -lc -lm -Wl,--end-group
Finished building target: 17_ADC_Interrupt.elf
 
arm-none-eabi-size  17_ADC_Interrupt.elf 
arm-none-eabi-objdump -h -S 17_ADC_Interrupt.elf  > "17_ADC_Interrupt.list"
   text	   data	    bss	    dec	    hex	filename
   5448	     92	   1908	   7448	   1d18	17_ADC_Interrupt.elf
Finished building: default.size.stdout
 
Finished building: 17_ADC_Interrupt.list
 

00:05:33 Build Finished. 0 errors, 0 warnings. (took 594ms)

