23:34:44 **** Incremental Build of configuration Debug for project 20_uart_tx_dma ****
make -j12 all 
arm-none-eabi-gcc "../Src/uart.c" -mcpu=cortex-m4 -std=gnu11 -g3 -DDEBUG -DSTM32 -DSTM32F401RETx -DSTM32F4 -DSTM32F401xE -c -I../Inc -I"C:/Users/Prithviraj/OneDrive/Desktop/stm32f4-BareMetal_Workspace/STM32F4-BareMetal_Workspace/STM32F4-BareMetal_Workspace/F4_chip_headers/CMSIS/Device/ST/STM32F4xx/Include" -I"C:/Users/Prithviraj/OneDrive/Desktop/stm32f4-BareMetal_Workspace/STM32F4-BareMetal_Workspace/STM32F4-BareMetal_Workspace/F4_chip_headers/CMSIS/Include" -O0 -ffunction-sections -fdata-sections -Wall -fstack-usage -fcyclomatic-complexity -MMD -MP -MF"Src/uart.d" -MT"Src/uart.o" --specs=nano.specs -mfpu=fpv4-sp-d16 -mfloat-abi=hard -mthumb -o "Src/uart.o"
arm-none-eabi-gcc -o "20_uart_tx_dma.elf" @"objects.list"   -mcpu=cortex-m4 -T"C:\Users\Prithviraj\OneDrive\Desktop\stm32f4-BareMetal_Workspace\20_uart_tx_dma\STM32F401RETX_FLASH.ld" --specs=nosys.specs -Wl,-Map="20_uart_tx_dma.map" -Wl,--gc-sections -static --specs=nano.specs -mfpu=fpv4-sp-d16 -mfloat-abi=hard -mthumb -Wl,--start-group -lc -lm -Wl,--end-group
Finished building target: 20_uart_tx_dma.elf
 
arm-none-eabi-size  20_uart_tx_dma.elf 
arm-none-eabi-objdump -h -S 20_uart_tx_dma.elf  > "20_uart_tx_dma.list"
   text	   data	    bss	    dec	    hex	filename
   1384	      0	   1568	   2952	    b88	20_uart_tx_dma.elf
Finished building: default.size.stdout
 
Finished building: 20_uart_tx_dma.list
 

23:34:46 Build Finished. 0 errors, 0 warnings. (took 2s.107ms)

